This is pdfTeX, Version 3.141592653-2.6-1.40.26 (TeX Live 2024) (preloaded format=pdflatex 2024.5.22)  14 JUL 2025 10:06
entering extended mode
 restricted \write18 enabled.
 file:line:error style messages enabled.
 %&-line parsing enabled.
**/Users/laurenwilner/Desktop/Desktop/epidemiology_PhD/00_repos/psps_paper_2025/sections/06_appendix.tex
(/Users/laurenwilner/Desktop/Desktop/epidemiology_PhD/00_repos/psps_paper_2025/sections/06_appendix.tex
LaTeX2e <2023-11-01> patch level 1
L3 programming layer <2024-04-11>

! LaTeX Error: File `subfiles.cls' not found.

Type X to quit or <RETURN> to proceed,
or enter new name. (Default extension: cls)

Enter file name: 
/Users/laurenwilner/Desktop/Desktop/epidemiology_PhD/00_repos/psps_paper_2025/sections/06_appendix.tex:2: Emergency stop.
<read *> 
         
l.2 \graphicspath
                 {{\subfix{../images/}}}^^M
*** (cannot \read from terminal in nonstop modes)

 
Here is how much of TeX's memory you used:
 21 strings out of 476010
 711 string characters out of 5790184
 1925751 words of memory out of 5000000
 22293 multiletter control sequences out of 15000+600000
 558069 words of font info for 36 fonts, out of 8000000 for 9000
 14 hyphenation exceptions out of 8191
 19i,0n,29p,174b,17s stack positions out of 10000i,1000n,20000p,200000b,200000s
/Users/laurenwilner/Desktop/Desktop/epidemiology_PhD/00_repos/psps_paper_2025/sections/06_appendix.tex:2:  ==> Fatal error occurred, no output PDF file produced!
